// Jest Snapshot v1, https://goo.gl/fbAQLP

exports[`InfoWidget Component should render correctly 1`] = `
ShallowWrapper {
  Symbol(enzyme.__root__): [Circular],
  Symbol(enzyme.__unrendered__): <InfoWidget
    address="No.1 Morton loop"
    lat="51.165691"
    lng="10.451526000000058"
    title="home"
  />,
  Symbol(enzyme.__renderer__): Object {
    "batchedUpdates": [Function],
    "getNode": [Function],
    "render": [Function],
    "simulateError": [Function],
    "simulateEvent": [Function],
    "unmount": [Function],
  },
  Symbol(enzyme.__node__): Object {
    "instance": null,
    "key": undefined,
    "nodeType": "host",
    "props": Object {
      "children": Array [
        <div
          className="info"
        >
          <div
            className="row"
          >
            <div
              className="title"
            >
              home
            </div>
          </div>
          <div
            className="clearfix"
          />
          <div
            className="row"
          >
            <div
              className="address"
            >
              No.1 Morton loop
            </div>
          </div>
          <div
            className="clearfix"
          />
          <div
            className="row"
          >
            <div
              className="points lat"
            >
              51.165691
            </div>
            <div
              className="points lng"
            >
              10.451526000000058
            </div>
          </div>
        </div>,
        <div
          className="action"
        >
          <img
            alt="hide"
            className="img"
            src="right-arrow.svg"
          />
        </div>,
      ],
      "className": "info-widget-container",
      "onClick": [Function],
    },
    "ref": null,
    "rendered": Array [
      Object {
        "instance": null,
        "key": undefined,
        "nodeType": "host",
        "props": Object {
          "children": Array [
            <div
              className="row"
            >
              <div
                className="title"
              >
                home
              </div>
            </div>,
            <div
              className="clearfix"
            />,
            <div
              className="row"
            >
              <div
                className="address"
              >
                No.1 Morton loop
              </div>
            </div>,
            <div
              className="clearfix"
            />,
            <div
              className="row"
            >
              <div
                className="points lat"
              >
                51.165691
              </div>
              <div
                className="points lng"
              >
                10.451526000000058
              </div>
            </div>,
          ],
          "className": "info",
        },
        "ref": null,
        "rendered": Array [
          Object {
            "instance": null,
            "key": undefined,
            "nodeType": "host",
            "props": Object {
              "children": <div
                className="title"
              >
                home
              </div>,
              "className": "row",
            },
            "ref": null,
            "rendered": Object {
              "instance": null,
              "key": undefined,
              "nodeType": "host",
              "props": Object {
                "children": "home",
                "className": "title",
              },
              "ref": null,
              "rendered": "home",
              "type": "div",
            },
            "type": "div",
          },
          Object {
            "instance": null,
            "key": undefined,
            "nodeType": "host",
            "props": Object {
              "className": "clearfix",
            },
            "ref": null,
            "rendered": null,
            "type": "div",
          },
          Object {
            "instance": null,
            "key": undefined,
            "nodeType": "host",
            "props": Object {
              "children": <div
                className="address"
              >
                No.1 Morton loop
              </div>,
              "className": "row",
            },
            "ref": null,
            "rendered": Object {
              "instance": null,
              "key": undefined,
              "nodeType": "host",
              "props": Object {
                "children": "No.1 Morton loop",
                "className": "address",
              },
              "ref": null,
              "rendered": "No.1 Morton loop",
              "type": "div",
            },
            "type": "div",
          },
          Object {
            "instance": null,
            "key": undefined,
            "nodeType": "host",
            "props": Object {
              "className": "clearfix",
            },
            "ref": null,
            "rendered": null,
            "type": "div",
          },
          Object {
            "instance": null,
            "key": undefined,
            "nodeType": "host",
            "props": Object {
              "children": Array [
                <div
                  className="points lat"
                >
                  51.165691
                </div>,
                <div
                  className="points lng"
                >
                  10.451526000000058
                </div>,
              ],
              "className": "row",
            },
            "ref": null,
            "rendered": Array [
              Object {
                "instance": null,
                "key": undefined,
                "nodeType": "host",
                "props": Object {
                  "children": "51.165691",
                  "className": "points lat",
                },
                "ref": null,
                "rendered": "51.165691",
                "type": "div",
              },
              Object {
                "instance": null,
                "key": undefined,
                "nodeType": "host",
                "props": Object {
                  "children": "10.451526000000058",
                  "className": "points lng",
                },
                "ref": null,
                "rendered": "10.451526000000058",
                "type": "div",
              },
            ],
            "type": "div",
          },
        ],
        "type": "div",
      },
      Object {
        "instance": null,
        "key": undefined,
        "nodeType": "host",
        "props": Object {
          "children": <img
            alt="hide"
            className="img"
            src="right-arrow.svg"
          />,
          "className": "action",
        },
        "ref": null,
        "rendered": Object {
          "instance": null,
          "key": undefined,
          "nodeType": "host",
          "props": Object {
            "alt": "hide",
            "className": "img",
            "src": "right-arrow.svg",
          },
          "ref": null,
          "rendered": null,
          "type": "img",
        },
        "type": "div",
      },
    ],
    "type": "div",
  },
  Symbol(enzyme.__nodes__): Array [
    Object {
      "instance": null,
      "key": undefined,
      "nodeType": "host",
      "props": Object {
        "children": Array [
          <div
            className="info"
          >
            <div
              className="row"
            >
              <div
                className="title"
              >
                home
              </div>
            </div>
            <div
              className="clearfix"
            />
            <div
              className="row"
            >
              <div
                className="address"
              >
                No.1 Morton loop
              </div>
            </div>
            <div
              className="clearfix"
            />
            <div
              className="row"
            >
              <div
                className="points lat"
              >
                51.165691
              </div>
              <div
                className="points lng"
              >
                10.451526000000058
              </div>
            </div>
          </div>,
          <div
            className="action"
          >
            <img
              alt="hide"
              className="img"
              src="right-arrow.svg"
            />
          </div>,
        ],
        "className": "info-widget-container",
        "onClick": [Function],
      },
      "ref": null,
      "rendered": Array [
        Object {
          "instance": null,
          "key": undefined,
          "nodeType": "host",
          "props": Object {
            "children": Array [
              <div
                className="row"
              >
                <div
                  className="title"
                >
                  home
                </div>
              </div>,
              <div
                className="clearfix"
              />,
              <div
                className="row"
              >
                <div
                  className="address"
                >
                  No.1 Morton loop
                </div>
              </div>,
              <div
                className="clearfix"
              />,
              <div
                className="row"
              >
                <div
                  className="points lat"
                >
                  51.165691
                </div>
                <div
                  className="points lng"
                >
                  10.451526000000058
                </div>
              </div>,
            ],
            "className": "info",
          },
          "ref": null,
          "rendered": Array [
            Object {
              "instance": null,
              "key": undefined,
              "nodeType": "host",
              "props": Object {
                "children": <div
                  className="title"
                >
                  home
                </div>,
                "className": "row",
              },
              "ref": null,
              "rendered": Object {
                "instance": null,
                "key": undefined,
                "nodeType": "host",
                "props": Object {
                  "children": "home",
                  "className": "title",
                },
                "ref": null,
                "rendered": "home",
                "type": "div",
              },
              "type": "div",
            },
            Object {
              "instance": null,
              "key": undefined,
              "nodeType": "host",
              "props": Object {
                "className": "clearfix",
              },
              "ref": null,
              "rendered": null,
              "type": "div",
            },
            Object {
              "instance": null,
              "key": undefined,
              "nodeType": "host",
              "props": Object {
                "children": <div
                  className="address"
                >
                  No.1 Morton loop
                </div>,
                "className": "row",
              },
              "ref": null,
              "rendered": Object {
                "instance": null,
                "key": undefined,
                "nodeType": "host",
                "props": Object {
                  "children": "No.1 Morton loop",
                  "className": "address",
                },
                "ref": null,
                "rendered": "No.1 Morton loop",
                "type": "div",
              },
              "type": "div",
            },
            Object {
              "instance": null,
              "key": undefined,
              "nodeType": "host",
              "props": Object {
                "className": "clearfix",
              },
              "ref": null,
              "rendered": null,
              "type": "div",
            },
            Object {
              "instance": null,
              "key": undefined,
              "nodeType": "host",
              "props": Object {
                "children": Array [
                  <div
                    className="points lat"
                  >
                    51.165691
                  </div>,
                  <div
                    className="points lng"
                  >
                    10.451526000000058
                  </div>,
                ],
                "className": "row",
              },
              "ref": null,
              "rendered": Array [
                Object {
                  "instance": null,
                  "key": undefined,
                  "nodeType": "host",
                  "props": Object {
                    "children": "51.165691",
                    "className": "points lat",
                  },
                  "ref": null,
                  "rendered": "51.165691",
                  "type": "div",
                },
                Object {
                  "instance": null,
                  "key": undefined,
                  "nodeType": "host",
                  "props": Object {
                    "children": "10.451526000000058",
                    "className": "points lng",
                  },
                  "ref": null,
                  "rendered": "10.451526000000058",
                  "type": "div",
                },
              ],
              "type": "div",
            },
          ],
          "type": "div",
        },
        Object {
          "instance": null,
          "key": undefined,
          "nodeType": "host",
          "props": Object {
            "children": <img
              alt="hide"
              className="img"
              src="right-arrow.svg"
            />,
            "className": "action",
          },
          "ref": null,
          "rendered": Object {
            "instance": null,
            "key": undefined,
            "nodeType": "host",
            "props": Object {
              "alt": "hide",
              "className": "img",
              "src": "right-arrow.svg",
            },
            "ref": null,
            "rendered": null,
            "type": "img",
          },
          "type": "div",
        },
      ],
      "type": "div",
    },
  ],
  Symbol(enzyme.__options__): Object {
    "adapter": ReactSixteenAdapter {
      "options": Object {
        "enableComponentDidUpdateOnSetState": true,
        "lifecycles": Object {
          "componentDidUpdate": Object {
            "onSetState": true,
          },
          "getDerivedStateFromProps": true,
          "getSnapshotBeforeUpdate": true,
          "setState": Object {
            "skipsComponentDidUpdateOnNullish": true,
          },
        },
      },
    },
    "disableLifecycleMethods": true,
  },
}
`;
