// Jest Snapshot v1, https://goo.gl/fbAQLP

exports[`Login Component should render users correctly 1`] = `
ShallowWrapper {
  Symbol(enzyme.__root__): [Circular],
  Symbol(enzyme.__unrendered__): <Login
    users={
      Array [
        Object {
          "id": 1,
          "name": "John Doe",
        },
        Object {
          "id": 2,
          "name": "Jane Doe",
        },
      ]
    }
  />,
  Symbol(enzyme.__renderer__): Object {
    "batchedUpdates": [Function],
    "getNode": [Function],
    "render": [Function],
    "simulateError": [Function],
    "simulateEvent": [Function],
    "unmount": [Function],
  },
  Symbol(enzyme.__node__): Object {
    "instance": null,
    "key": undefined,
    "nodeType": "host",
    "props": Object {
      "children": Array [
        <LoginWidget
          id={1}
          name="John Doe"
        />,
        <LoginWidget
          id={2}
          name="Jane Doe"
        />,
      ],
      "className": "login-container",
    },
    "ref": null,
    "rendered": Array [
      Object {
        "instance": null,
        "key": "1",
        "nodeType": "function",
        "props": Object {
          "avatar": undefined,
          "id": 1,
          "name": "John Doe",
          "onLoginClicked": undefined,
        },
        "ref": null,
        "rendered": null,
        "type": [Function],
      },
      Object {
        "instance": null,
        "key": "2",
        "nodeType": "function",
        "props": Object {
          "avatar": undefined,
          "id": 2,
          "name": "Jane Doe",
          "onLoginClicked": undefined,
        },
        "ref": null,
        "rendered": null,
        "type": [Function],
      },
    ],
    "type": "div",
  },
  Symbol(enzyme.__nodes__): Array [
    Object {
      "instance": null,
      "key": undefined,
      "nodeType": "host",
      "props": Object {
        "children": Array [
          <LoginWidget
            id={1}
            name="John Doe"
          />,
          <LoginWidget
            id={2}
            name="Jane Doe"
          />,
        ],
        "className": "login-container",
      },
      "ref": null,
      "rendered": Array [
        Object {
          "instance": null,
          "key": "1",
          "nodeType": "function",
          "props": Object {
            "avatar": undefined,
            "id": 1,
            "name": "John Doe",
            "onLoginClicked": undefined,
          },
          "ref": null,
          "rendered": null,
          "type": [Function],
        },
        Object {
          "instance": null,
          "key": "2",
          "nodeType": "function",
          "props": Object {
            "avatar": undefined,
            "id": 2,
            "name": "Jane Doe",
            "onLoginClicked": undefined,
          },
          "ref": null,
          "rendered": null,
          "type": [Function],
        },
      ],
      "type": "div",
    },
  ],
  Symbol(enzyme.__options__): Object {
    "adapter": ReactSixteenAdapter {
      "options": Object {
        "enableComponentDidUpdateOnSetState": true,
        "lifecycles": Object {
          "componentDidUpdate": Object {
            "onSetState": true,
          },
          "getDerivedStateFromProps": true,
          "getSnapshotBeforeUpdate": true,
          "setState": Object {
            "skipsComponentDidUpdateOnNullish": true,
          },
        },
      },
    },
    "disableLifecycleMethods": true,
  },
}
`;
